<html>
<body>
<pre>
<h1>µVision Build Log</h1>
<h2>Project:</h2>
C:\Users\VirtWin\Documents\ECE455\lab0\lab0.uvproj
Project File Date:  05/07/2016

<h2>Output:</h2>
Build target 'LCP1768 Flash'
assembling startup_LPC17xx.s...
compiling GLCD_SPI_LPC1700.c...
compiling system_LPC17xx.c...
compiling main.c...
main.c(104): warning:  #1-D: last line of file ends without a newline
linking...
lab0.axf: Error: L6218E: Undefined symbol SystemCoreClock (referred from main.o).
Target not created
Build target 'LCP1768 Flash'
assembling startup_LPC17xx.s...
compiling GLCD_SPI_LPC1700.c...
compiling system_LPC17xx.c...
compiling main.c...
linking...
lab0.axf: Error: L6218E: Undefined symbol SystemCoreClock (referred from main.o).
Target not created
Build target 'LCP1768 Flash'
assembling startup_LPC17xx.s...
compiling GLCD_SPI_LPC1700.c...
compiling system_LPC17xx.c...
compiling main.c...
main.c(70): warning:  #1-D: last line of file ends without a newline
linking...
Program Size: Code=1056 RO-data=252 RW-data=4 ZI-data=612  
"lab0.axf" - 0 Error(s), 1 Warning(s).
Load "C:\\Users\\VirtWin\\Documents\\ECE455\\lab0\\lab0.AXF" 
Internal DLL Error
Load "C:\\Users\\VirtWin\\Documents\\ECE455\\lab0\\lab0.AXF" 
Erase Done.
Programming Done.
Verify OK.
