<html>
<body>
<pre>
<h1>µVision Build Log</h1>
<h2>Project:</h2>
C:\Users\VirtWin\Documents\ECE455\lab0\lab0.uvproj
Project File Date:  05/03/2016

<h2>Output:</h2>
Build target 'LCP1768 Flash'
assembling startup_LPC17xx.s...
compiling GLCD_SPI_LPC1700.c...
compiling system_LPC17xx.c...
compiling main.c...
main.c(10): warning:  #1-D: last line of file ends without a newline
linking...
Program Size: Code=2980 RO-data=6636 RW-data=12 ZI-data=612  
"lab0.axf" - 0 Error(s), 1 Warning(s).
Build target 'LCP1768 Flash'
assembling startup_LPC17xx.s...
compiling GLCD_SPI_LPC1700.c...
compiling system_LPC17xx.c...
compiling main.c...
linking...
Program Size: Code=2980 RO-data=6636 RW-data=12 ZI-data=612  
"lab0.axf" - 0 Error(s), 0 Warning(s).
