<html>
<body>
<pre>
<h1>µVision Build Log</h1>
<h2>Project:</h2>
C:\Users\VirtWin\Documents\ECE455\lab1\lab1.uvproj
Project File Date:  05/18/2016

<h2>Output:</h2>
Build target 'LPC1768 Flash'
assembling startup_LPC17xx.s...
compiling GLCD_SPI_LPC1700.c...
compiling system_LPC17xx.c...
compiling main.c...
main.c(28): warning:  #167-D: argument of type "char *" is incompatible with parameter of type "unsigned char *"
main.c(44): warning:  #167-D: argument of type "char *" is incompatible with parameter of type "unsigned char *"
linking...
Program Size: Code=4042 RO-data=6526 RW-data=20 ZI-data=612  
"lab1.axf" - 0 Error(s), 2 Warning(s).
Load "C:\\Users\\VirtWin\\Documents\\ECE455\\lab1\\lab1.AXF" 
Internal DLL Error
Load "C:\\Users\\VirtWin\\Documents\\ECE455\\lab1\\lab1.AXF" 
Erase Done.
Programming Done.
Verify OK.
Build target 'LPC1768 Flash'
assembling startup_LPC17xx.s...
compiling GLCD_SPI_LPC1700.c...
compiling system_LPC17xx.c...
compiling main.c...
main.c(28): warning:  #167-D: argument of type "char *" is incompatible with parameter of type "unsigned char *"
main.c(44): warning:  #167-D: argument of type "char *" is incompatible with parameter of type "unsigned char *"
main.c(73): warning:  #167-D: argument of type "char *" is incompatible with parameter of type "unsigned char *"
main.c(88): warning:  #167-D: argument of type "char *" is incompatible with parameter of type "unsigned char *"
linking...
Program Size: Code=4102 RO-data=6526 RW-data=20 ZI-data=612  
"lab1.axf" - 0 Error(s), 4 Warning(s).
Load "C:\\Users\\VirtWin\\Documents\\ECE455\\lab1\\lab1.AXF" 
Internal DLL Error
Load "C:\\Users\\VirtWin\\Documents\\ECE455\\lab1\\lab1.AXF" 
Erase Done.
Programming Done.
Verify OK.
Build target 'LPC1768 Flash'
assembling startup_LPC17xx.s...
compiling GLCD_SPI_LPC1700.c...
compiling system_LPC17xx.c...
compiling main.c...
main.c(28): warning:  #167-D: argument of type "char *" is incompatible with parameter of type "unsigned char *"
main.c(44): warning:  #167-D: argument of type "char *" is incompatible with parameter of type "unsigned char *"
main.c(73): warning:  #167-D: argument of type "char *" is incompatible with parameter of type "unsigned char *"
main.c(88): warning:  #167-D: argument of type "char *" is incompatible with parameter of type "unsigned char *"
linking...
Program Size: Code=4102 RO-data=6526 RW-data=20 ZI-data=612  
"lab1.axf" - 0 Error(s), 4 Warning(s).
Load "C:\\Users\\VirtWin\\Documents\\ECE455\\lab1\\lab1.AXF" 
Internal DLL Error
Load "C:\\Users\\VirtWin\\Documents\\ECE455\\lab1\\lab1.AXF" 
Erase Done.
Programming Done.
Verify OK.
Build target 'LPC1768 Flash'
assembling startup_LPC17xx.s...
compiling GLCD_SPI_LPC1700.c...
compiling system_LPC17xx.c...
compiling main.c...
main.c(28): warning:  #167-D: argument of type "char *" is incompatible with parameter of type "unsigned char *"
main.c(44): warning:  #167-D: argument of type "char *" is incompatible with parameter of type "unsigned char *"
main.c(73): warning:  #167-D: argument of type "char *" is incompatible with parameter of type "unsigned char *"
main.c(88): warning:  #167-D: argument of type "char *" is incompatible with parameter of type "unsigned char *"
linking...
Program Size: Code=4102 RO-data=6526 RW-data=20 ZI-data=612  
"lab1.axf" - 0 Error(s), 4 Warning(s).
Load "C:\\Users\\VirtWin\\Documents\\ECE455\\lab1\\lab1.AXF" 
Internal DLL Error
Load "C:\\Users\\VirtWin\\Documents\\ECE455\\lab1\\lab1.AXF" 
Erase Done.
Programming Done.
Verify OK.
Build target 'LPC1768 Flash'
assembling startup_LPC17xx.s...
compiling GLCD_SPI_LPC1700.c...
compiling system_LPC17xx.c...
compiling main.c...
main.c(28): warning:  #167-D: argument of type "char *" is incompatible with parameter of type "unsigned char *"
main.c(44): warning:  #167-D: argument of type "char *" is incompatible with parameter of type "unsigned char *"
main.c(75): warning:  #167-D: argument of type "char *" is incompatible with parameter of type "unsigned char *"
main.c(90): warning:  #167-D: argument of type "char *" is incompatible with parameter of type "unsigned char *"
linking...
Program Size: Code=4082 RO-data=6526 RW-data=20 ZI-data=612  
"lab1.axf" - 0 Error(s), 4 Warning(s).
Load "C:\\Users\\VirtWin\\Documents\\ECE455\\lab1\\lab1.AXF" 
Internal DLL Error
Load "C:\\Users\\VirtWin\\Documents\\ECE455\\lab1\\lab1.AXF" 
Erase Done.
Programming Done.
Verify OK.
Build target 'LPC1768 Flash'
assembling startup_LPC17xx.s...
compiling GLCD_SPI_LPC1700.c...
compiling system_LPC17xx.c...
compiling main.c...
main.c(28): warning:  #167-D: argument of type "char *" is incompatible with parameter of type "unsigned char *"
main.c(44): warning:  #167-D: argument of type "char *" is incompatible with parameter of type "unsigned char *"
main.c(75): warning:  #167-D: argument of type "char *" is incompatible with parameter of type "unsigned char *"
main.c(90): warning:  #167-D: argument of type "char *" is incompatible with parameter of type "unsigned char *"
linking...
Program Size: Code=4082 RO-data=6526 RW-data=20 ZI-data=612  
"lab1.axf" - 0 Error(s), 4 Warning(s).
Load "C:\\Users\\VirtWin\\Documents\\ECE455\\lab1\\lab1.AXF" 
Internal DLL Error
Load "C:\\Users\\VirtWin\\Documents\\ECE455\\lab1\\lab1.AXF" 
Erase Done.
Programming Done.
Verify OK.
Build target 'LPC1768 Flash'
assembling startup_LPC17xx.s...
compiling GLCD_SPI_LPC1700.c...
compiling system_LPC17xx.c...
compiling main.c...
main.c(28): warning:  #167-D: argument of type "char *" is incompatible with parameter of type "unsigned char *"
main.c(44): warning:  #167-D: argument of type "char *" is incompatible with parameter of type "unsigned char *"
main.c(75): warning:  #167-D: argument of type "char *" is incompatible with parameter of type "unsigned char *"
main.c(90): warning:  #167-D: argument of type "char *" is incompatible with parameter of type "unsigned char *"
linking...
Program Size: Code=4082 RO-data=6526 RW-data=20 ZI-data=612  
"lab1.axf" - 0 Error(s), 4 Warning(s).
Load "C:\\Users\\VirtWin\\Documents\\ECE455\\lab1\\lab1.AXF" 
Internal DLL Error
Load "C:\\Users\\VirtWin\\Documents\\ECE455\\lab1\\lab1.AXF" 
Erase Done.
Programming Done.
Verify OK.
Build target 'LPC1768 Flash'
assembling startup_LPC17xx.s...
compiling GLCD_SPI_LPC1700.c...
compiling system_LPC17xx.c...
compiling main.c...
main.c(28): warning:  #167-D: argument of type "char *" is incompatible with parameter of type "unsigned char *"
main.c(44): warning:  #167-D: argument of type "char *" is incompatible with parameter of type "unsigned char *"
main.c(77): warning:  #167-D: argument of type "char *" is incompatible with parameter of type "unsigned char *"
main.c(92): warning:  #167-D: argument of type "char *" is incompatible with parameter of type "unsigned char *"
linking...
Program Size: Code=4082 RO-data=6526 RW-data=20 ZI-data=612  
"lab1.axf" - 0 Error(s), 4 Warning(s).
Load "C:\\Users\\VirtWin\\Documents\\ECE455\\lab1\\lab1.AXF" 
Erase Done.
Programming Done.
Verify OK.
Build target 'LPC1768 Flash'
assembling startup_LPC17xx.s...
compiling GLCD_SPI_LPC1700.c...
compiling system_LPC17xx.c...
compiling main.c...
main.c(28): warning:  #167-D: argument of type "char *" is incompatible with parameter of type "unsigned char *"
main.c(44): warning:  #167-D: argument of type "char *" is incompatible with parameter of type "unsigned char *"
main.c(77): warning:  #167-D: argument of type "char *" is incompatible with parameter of type "unsigned char *"
main.c(92): warning:  #167-D: argument of type "char *" is incompatible with parameter of type "unsigned char *"
linking...
Program Size: Code=4082 RO-data=6526 RW-data=20 ZI-data=612  
"lab1.axf" - 0 Error(s), 4 Warning(s).
Load "C:\\Users\\VirtWin\\Documents\\ECE455\\lab1\\lab1.AXF" 
Internal DLL Error
Load "C:\\Users\\VirtWin\\Documents\\ECE455\\lab1\\lab1.AXF" 
Erase Done.
Programming Failed!
Load "C:\\Users\\VirtWin\\Documents\\ECE455\\lab1\\lab1.AXF" 
Erase Done.
Programming Done.
Verify OK.
Build target 'LPC1768 Flash'
assembling startup_LPC17xx.s...
compiling GLCD_SPI_LPC1700.c...
compiling system_LPC17xx.c...
compiling main.c...
main.c(28): warning:  #167-D: argument of type "char *" is incompatible with parameter of type "unsigned char *"
main.c(44): warning:  #167-D: argument of type "char *" is incompatible with parameter of type "unsigned char *"
main.c(77): warning:  #167-D: argument of type "char *" is incompatible with parameter of type "unsigned char *"
main.c(92): warning:  #167-D: argument of type "char *" is incompatible with parameter of type "unsigned char *"
linking...
Program Size: Code=4082 RO-data=6526 RW-data=20 ZI-data=612  
"lab1.axf" - 0 Error(s), 4 Warning(s).
Load "C:\\Users\\VirtWin\\Documents\\ECE455\\lab1\\lab1.AXF" 
Internal DLL Error
Load "C:\\Users\\VirtWin\\Documents\\ECE455\\lab1\\lab1.AXF" 
Erase Done.
Programming Done.
Verify OK.
Build target 'LPC1768 Flash'
assembling startup_LPC17xx.s...
compiling GLCD_SPI_LPC1700.c...
compiling system_LPC17xx.c...
compiling main.c...
main.c(28): warning:  #167-D: argument of type "char *" is incompatible with parameter of type "unsigned char *"
main.c(44): warning:  #167-D: argument of type "char *" is incompatible with parameter of type "unsigned char *"
main.c(77): warning:  #167-D: argument of type "char *" is incompatible with parameter of type "unsigned char *"
main.c(92): warning:  #167-D: argument of type "char *" is incompatible with parameter of type "unsigned char *"
linking...
Program Size: Code=4084 RO-data=6528 RW-data=20 ZI-data=612  
"lab1.axf" - 0 Error(s), 4 Warning(s).
Load "C:\\Users\\VirtWin\\Documents\\ECE455\\lab1\\lab1.AXF" 
Internal DLL Error
Load "C:\\Users\\VirtWin\\Documents\\ECE455\\lab1\\lab1.AXF" 
Erase Done.
Programming Done.
Verify OK.
Build target 'LPC1768 Flash'
assembling startup_LPC17xx.s...
compiling GLCD_SPI_LPC1700.c...
compiling system_LPC17xx.c...
compiling main.c...
main.c(13): warning:  #223-D: function "doTenMinuteClockWithTimer" declared implicitly
main.c(41): warning:  #167-D: argument of type "char *" is incompatible with parameter of type "unsigned char *"
main.c(57): warning:  #167-D: argument of type "char *" is incompatible with parameter of type "unsigned char *"
main.c(67): error:  #159: declaration is incompatible with previous "doTenMinuteClockWithTimer" (declared at line 13)
main.c(73): warning:  #167-D: argument of type "char *" is incompatible with parameter of type "unsigned char *"
main.c(89): warning:  #167-D: argument of type "char *" is incompatible with parameter of type "unsigned char *"
Target not created
Build target 'LPC1768 Flash'
assembling startup_LPC17xx.s...
compiling GLCD_SPI_LPC1700.c...
compiling system_LPC17xx.c...
compiling main.c...
main.c(28): warning:  #167-D: argument of type "char *" is incompatible with parameter of type "unsigned char *"
main.c(44): warning:  #167-D: argument of type "char *" is incompatible with parameter of type "unsigned char *"
main.c(77): warning:  #167-D: argument of type "char *" is incompatible with parameter of type "unsigned char *"
main.c(93): warning:  #167-D: argument of type "char *" is incompatible with parameter of type "unsigned char *"
linking...
Program Size: Code=4094 RO-data=6526 RW-data=20 ZI-data=612  
"lab1.axf" - 0 Error(s), 4 Warning(s).
Load "C:\\Users\\VirtWin\\Documents\\ECE455\\lab1\\lab1.AXF" 
Internal DLL Error
Load "C:\\Users\\VirtWin\\Documents\\ECE455\\lab1\\lab1.AXF" 
Erase Done.
Programming Done.
Verify OK.
Build target 'LPC1768 Flash'
assembling startup_LPC17xx.s...
compiling GLCD_SPI_LPC1700.c...
compiling system_LPC17xx.c...
compiling main.c...
main.c(28): warning:  #167-D: argument of type "char *" is incompatible with parameter of type "unsigned char *"
main.c(44): warning:  #167-D: argument of type "char *" is incompatible with parameter of type "unsigned char *"
main.c(54): error:  #40: expected an identifier
main.c(77): warning:  #167-D: argument of type "char *" is incompatible with parameter of type "unsigned char *"
main.c(93): warning:  #167-D: argument of type "char *" is incompatible with parameter of type "unsigned char *"
Target not created
Build target 'LPC1768 Flash'
assembling startup_LPC17xx.s...
compiling GLCD_SPI_LPC1700.c...
compiling system_LPC17xx.c...
compiling main.c...
main.c(28): warning:  #167-D: argument of type "char *" is incompatible with parameter of type "unsigned char *"
main.c(44): warning:  #167-D: argument of type "char *" is incompatible with parameter of type "unsigned char *"
main.c(77): warning:  #167-D: argument of type "char *" is incompatible with parameter of type "unsigned char *"
main.c(93): warning:  #167-D: argument of type "char *" is incompatible with parameter of type "unsigned char *"
linking...
Program Size: Code=4094 RO-data=6526 RW-data=20 ZI-data=612  
"lab1.axf" - 0 Error(s), 4 Warning(s).
Load "C:\\Users\\VirtWin\\Documents\\ECE455\\lab1\\lab1.AXF" 
Internal DLL Error
Load "C:\\Users\\VirtWin\\Documents\\ECE455\\lab1\\lab1.AXF" 
Erase Done.
Programming Failed!
Load "C:\\Users\\VirtWin\\Documents\\ECE455\\lab1\\lab1.AXF" 
Erase Done.
Programming Done.
Verify OK.
Build target 'LPC1768 Flash'
assembling startup_LPC17xx.s...
compiling GLCD_SPI_LPC1700.c...
compiling system_LPC17xx.c...
compiling main.c...
main.c(28): warning:  #167-D: argument of type "char *" is incompatible with parameter of type "unsigned char *"
main.c(44): warning:  #167-D: argument of type "char *" is incompatible with parameter of type "unsigned char *"
main.c(77): warning:  #167-D: argument of type "char *" is incompatible with parameter of type "unsigned char *"
main.c(93): warning:  #167-D: argument of type "char *" is incompatible with parameter of type "unsigned char *"
main.c(132): warning:  #111-D: statement is unreachable
main.c(143): warning:  #1-D: last line of file ends without a newline
linking...
Program Size: Code=4294 RO-data=6526 RW-data=20 ZI-data=612  
"lab1.axf" - 0 Error(s), 6 Warning(s).
Build target 'LPC1768 Flash'
assembling startup_LPC17xx.s...
compiling GLCD_SPI_LPC1700.c...
compiling system_LPC17xx.c...
compiling main.c...
main.c(28): warning:  #167-D: argument of type "char *" is incompatible with parameter of type "unsigned char *"
main.c(44): warning:  #167-D: argument of type "char *" is incompatible with parameter of type "unsigned char *"
main.c(77): warning:  #167-D: argument of type "char *" is incompatible with parameter of type "unsigned char *"
main.c(93): warning:  #167-D: argument of type "char *" is incompatible with parameter of type "unsigned char *"
main.c(132): warning:  #111-D: statement is unreachable
linking...
Program Size: Code=4294 RO-data=6526 RW-data=20 ZI-data=612  
"lab1.axf" - 0 Error(s), 5 Warning(s).
Load "C:\\Users\\VirtWin\\Documents\\ECE455\\lab1\\lab1.AXF" 
Internal DLL Error
Load "C:\\Users\\VirtWin\\Documents\\ECE455\\lab1\\lab1.AXF" 
Erase Done.
Programming Done.
Verify OK.
Build target 'LPC1768 Flash'
assembling startup_LPC17xx.s...
compiling GLCD_SPI_LPC1700.c...
compiling system_LPC17xx.c...
compiling main.c...
main.c(28): warning:  #167-D: argument of type "char *" is incompatible with parameter of type "unsigned char *"
main.c(44): warning:  #167-D: argument of type "char *" is incompatible with parameter of type "unsigned char *"
main.c(87): warning:  #167-D: argument of type "char *" is incompatible with parameter of type "unsigned char *"
main.c(103): warning:  #167-D: argument of type "char *" is incompatible with parameter of type "unsigned char *"
main.c(142): warning:  #111-D: statement is unreachable
linking...
Program Size: Code=4294 RO-data=6526 RW-data=20 ZI-data=612  
"lab1.axf" - 0 Error(s), 5 Warning(s).
Load "C:\\Users\\VirtWin\\Documents\\ECE455\\lab1\\lab1.AXF" 
Internal DLL Error
Load "C:\\Users\\VirtWin\\Documents\\ECE455\\lab1\\lab1.AXF" 
Erase Done.
Programming Done.
Verify OK.
Build target 'LPC1768 Flash'
assembling startup_LPC17xx.s...
compiling GLCD_SPI_LPC1700.c...
compiling system_LPC17xx.c...
compiling main.c...
main.c(28): warning:  #167-D: argument of type "char *" is incompatible with parameter of type "unsigned char *"
main.c(44): warning:  #167-D: argument of type "char *" is incompatible with parameter of type "unsigned char *"
main.c(87): warning:  #167-D: argument of type "char *" is incompatible with parameter of type "unsigned char *"
main.c(103): warning:  #167-D: argument of type "char *" is incompatible with parameter of type "unsigned char *"
main.c(147): warning:  #111-D: statement is unreachable
linking...
Program Size: Code=4322 RO-data=6526 RW-data=20 ZI-data=612  
"lab1.axf" - 0 Error(s), 5 Warning(s).
Load "C:\\Users\\VirtWin\\Documents\\ECE455\\lab1\\lab1.AXF" 
Internal DLL Error
Load "C:\\Users\\VirtWin\\Documents\\ECE455\\lab1\\lab1.AXF" 
Erase Done.
Programming Done.
Verify OK.
Build target 'LPC1768 Flash'
assembling startup_LPC17xx.s...
compiling GLCD_SPI_LPC1700.c...
compiling system_LPC17xx.c...
compiling main.c...
main.c(28): warning:  #167-D: argument of type "char *" is incompatible with parameter of type "unsigned char *"
main.c(44): warning:  #167-D: argument of type "char *" is incompatible with parameter of type "unsigned char *"
main.c(87): warning:  #167-D: argument of type "char *" is incompatible with parameter of type "unsigned char *"
main.c(103): warning:  #167-D: argument of type "char *" is incompatible with parameter of type "unsigned char *"
main.c(147): warning:  #111-D: statement is unreachable
linking...
Program Size: Code=4286 RO-data=6526 RW-data=20 ZI-data=612  
"lab1.axf" - 0 Error(s), 5 Warning(s).
Load "C:\\Users\\VirtWin\\Documents\\ECE455\\lab1\\lab1.AXF" 
Internal DLL Error
Load "C:\\Users\\VirtWin\\Documents\\ECE455\\lab1\\lab1.AXF" 
Erase Done.
Programming Done.
Verify OK.
Build target 'LPC1768 Flash'
assembling startup_LPC17xx.s...
compiling GLCD_SPI_LPC1700.c...
compiling system_LPC17xx.c...
compiling main.c...
main.c(28): warning:  #167-D: argument of type "char *" is incompatible with parameter of type "unsigned char *"
main.c(44): warning:  #167-D: argument of type "char *" is incompatible with parameter of type "unsigned char *"
main.c(87): warning:  #167-D: argument of type "char *" is incompatible with parameter of type "unsigned char *"
main.c(103): warning:  #167-D: argument of type "char *" is incompatible with parameter of type "unsigned char *"
main.c(147): warning:  #111-D: statement is unreachable
linking...
Program Size: Code=4322 RO-data=6526 RW-data=20 ZI-data=612  
"lab1.axf" - 0 Error(s), 5 Warning(s).
Load "C:\\Users\\VirtWin\\Documents\\ECE455\\lab1\\lab1.AXF" 
Internal DLL Error
Load "C:\\Users\\VirtWin\\Documents\\ECE455\\lab1\\lab1.AXF" 
Erase Done.
Programming Done.
Verify OK.
Build target 'LPC1768 Flash'
assembling startup_LPC17xx.s...
compiling GLCD_SPI_LPC1700.c...
compiling system_LPC17xx.c...
compiling main.c...
main.c(28): warning:  #167-D: argument of type "char *" is incompatible with parameter of type "unsigned char *"
main.c(44): warning:  #167-D: argument of type "char *" is incompatible with parameter of type "unsigned char *"
main.c(87): warning:  #167-D: argument of type "char *" is incompatible with parameter of type "unsigned char *"
main.c(103): warning:  #167-D: argument of type "char *" is incompatible with parameter of type "unsigned char *"
main.c(147): warning:  #111-D: statement is unreachable
linking...
Program Size: Code=4322 RO-data=6526 RW-data=20 ZI-data=612  
"lab1.axf" - 0 Error(s), 5 Warning(s).
Load "C:\\Users\\VirtWin\\Documents\\ECE455\\lab1\\lab1.AXF" 
Internal DLL Error
Load "C:\\Users\\VirtWin\\Documents\\ECE455\\lab1\\lab1.AXF" 
Erase Done.
Programming Done.
Verify OK.
Build target 'LPC1768 Flash'
assembling startup_LPC17xx.s...
compiling GLCD_SPI_LPC1700.c...
compiling system_LPC17xx.c...
compiling main.c...
main.c(28): warning:  #167-D: argument of type "char *" is incompatible with parameter of type "unsigned char *"
main.c(44): warning:  #167-D: argument of type "char *" is incompatible with parameter of type "unsigned char *"
main.c(87): warning:  #167-D: argument of type "char *" is incompatible with parameter of type "unsigned char *"
main.c(103): warning:  #167-D: argument of type "char *" is incompatible with parameter of type "unsigned char *"
main.c(147): warning:  #111-D: statement is unreachable
linking...
Program Size: Code=4314 RO-data=6526 RW-data=20 ZI-data=612  
"lab1.axf" - 0 Error(s), 5 Warning(s).
Load "C:\\Users\\VirtWin\\Documents\\ECE455\\lab1\\lab1.AXF" 
Internal DLL Error
Load "C:\\Users\\VirtWin\\Documents\\ECE455\\lab1\\lab1.AXF" 
Erase Done.
Programming Done.
Verify OK.
Build target 'LPC1768 Flash'
assembling startup_LPC17xx.s...
compiling GLCD_SPI_LPC1700.c...
compiling system_LPC17xx.c...
compiling main.c...
main.c(28): warning:  #167-D: argument of type "char *" is incompatible with parameter of type "unsigned char *"
main.c(44): warning:  #167-D: argument of type "char *" is incompatible with parameter of type "unsigned char *"
main.c(87): warning:  #167-D: argument of type "char *" is incompatible with parameter of type "unsigned char *"
main.c(103): warning:  #167-D: argument of type "char *" is incompatible with parameter of type "unsigned char *"
main.c(147): warning:  #111-D: statement is unreachable
linking...
Program Size: Code=4322 RO-data=6526 RW-data=20 ZI-data=612  
"lab1.axf" - 0 Error(s), 5 Warning(s).
Load "C:\\Users\\VirtWin\\Documents\\ECE455\\lab1\\lab1.AXF" 
Internal DLL Error
Load "C:\\Users\\VirtWin\\Documents\\ECE455\\lab1\\lab1.AXF" 
Erase Done.
Programming Done.
Verify OK.
Build target 'LPC1768 Flash'
assembling startup_LPC17xx.s...
compiling GLCD_SPI_LPC1700.c...
compiling system_LPC17xx.c...
compiling main.c...
main.c(28): warning:  #167-D: argument of type "char *" is incompatible with parameter of type "unsigned char *"
main.c(44): warning:  #167-D: argument of type "char *" is incompatible with parameter of type "unsigned char *"
main.c(87): warning:  #167-D: argument of type "char *" is incompatible with parameter of type "unsigned char *"
main.c(116): warning:  #167-D: argument of type "char *" is incompatible with parameter of type "unsigned char *"
main.c(160): warning:  #111-D: statement is unreachable
linking...
Program Size: Code=4414 RO-data=6526 RW-data=20 ZI-data=612  
"lab1.axf" - 0 Error(s), 5 Warning(s).
Load "C:\\Users\\VirtWin\\Documents\\ECE455\\lab1\\lab1.AXF" 
Internal DLL Error
Load "C:\\Users\\VirtWin\\Documents\\ECE455\\lab1\\lab1.AXF" 
Erase Done.
Programming Done.
Verify OK.
Build target 'LPC1768 Flash'
assembling startup_LPC17xx.s...
compiling GLCD_SPI_LPC1700.c...
compiling system_LPC17xx.c...
compiling main.c...
main.c(28): warning:  #167-D: argument of type "char *" is incompatible with parameter of type "unsigned char *"
main.c(44): warning:  #167-D: argument of type "char *" is incompatible with parameter of type "unsigned char *"
main.c(88): warning:  #167-D: argument of type "char *" is incompatible with parameter of type "unsigned char *"
main.c(117): warning:  #167-D: argument of type "char *" is incompatible with parameter of type "unsigned char *"
main.c(161): warning:  #111-D: statement is unreachable
linking...
Program Size: Code=4422 RO-data=6526 RW-data=20 ZI-data=612  
"lab1.axf" - 0 Error(s), 5 Warning(s).
Load "C:\\Users\\VirtWin\\Documents\\ECE455\\lab1\\lab1.AXF" 
Internal DLL Error
Load "C:\\Users\\VirtWin\\Documents\\ECE455\\lab1\\lab1.AXF" 
Erase Done.
Programming Done.
Verify OK.
Build target 'LPC1768 Flash'
assembling startup_LPC17xx.s...
compiling GLCD_SPI_LPC1700.c...
compiling system_LPC17xx.c...
compiling main.c...
main.c(28): warning:  #167-D: argument of type "char *" is incompatible with parameter of type "unsigned char *"
main.c(44): warning:  #167-D: argument of type "char *" is incompatible with parameter of type "unsigned char *"
main.c(86): warning:  #167-D: argument of type "char *" is incompatible with parameter of type "unsigned char *"
main.c(112): warning:  #167-D: argument of type "char *" is incompatible with parameter of type "unsigned char *"
linking...
Program Size: Code=4198 RO-data=6526 RW-data=20 ZI-data=612  
"lab1.axf" - 0 Error(s), 4 Warning(s).
Load "C:\\Users\\VirtWin\\Documents\\ECE455\\lab1\\lab1.AXF" 
Internal DLL Error
Load "C:\\Users\\VirtWin\\Documents\\ECE455\\lab1\\lab1.AXF" 
Erase Done.
Programming Done.
Verify OK.
Build target 'LPC1768 Flash'
assembling startup_LPC17xx.s...
compiling GLCD_SPI_LPC1700.c...
compiling system_LPC17xx.c...
compiling main.c...
main.c(28): warning:  #167-D: argument of type "char *" is incompatible with parameter of type "unsigned char *"
main.c(44): warning:  #167-D: argument of type "char *" is incompatible with parameter of type "unsigned char *"
main.c(86): warning:  #167-D: argument of type "char *" is incompatible with parameter of type "unsigned char *"
main.c(112): warning:  #167-D: argument of type "char *" is incompatible with parameter of type "unsigned char *"
linking...
Program Size: Code=4198 RO-data=6526 RW-data=20 ZI-data=612  
"lab1.axf" - 0 Error(s), 4 Warning(s).
Load "C:\\Users\\VirtWin\\Documents\\ECE455\\lab1\\lab1.AXF" 
Internal DLL Error
Load "C:\\Users\\VirtWin\\Documents\\ECE455\\lab1\\lab1.AXF" 
Erase Done.
Programming Done.
Verify OK.
Build target 'LPC1768 Flash'
assembling startup_LPC17xx.s...
compiling GLCD_SPI_LPC1700.c...
compiling system_LPC17xx.c...
compiling main.c...
main.c(28): warning:  #167-D: argument of type "char *" is incompatible with parameter of type "unsigned char *"
main.c(44): warning:  #167-D: argument of type "char *" is incompatible with parameter of type "unsigned char *"
main.c(87): warning:  #167-D: argument of type "char *" is incompatible with parameter of type "unsigned char *"
main.c(113): warning:  #167-D: argument of type "char *" is incompatible with parameter of type "unsigned char *"
linking...
Program Size: Code=4214 RO-data=6526 RW-data=20 ZI-data=612  
"lab1.axf" - 0 Error(s), 4 Warning(s).
Load "C:\\Users\\VirtWin\\Documents\\ECE455\\lab1\\lab1.AXF" 
Internal DLL Error
Load "C:\\Users\\VirtWin\\Documents\\ECE455\\lab1\\lab1.AXF" 
Erase Done.
Programming Done.
Verify OK.
Build target 'LPC1768 Flash'
assembling startup_LPC17xx.s...
compiling GLCD_SPI_LPC1700.c...
compiling system_LPC17xx.c...
compiling main.c...
main.c(28): warning:  #167-D: argument of type "char *" is incompatible with parameter of type "unsigned char *"
main.c(44): warning:  #167-D: argument of type "char *" is incompatible with parameter of type "unsigned char *"
main.c(87): warning:  #167-D: argument of type "char *" is incompatible with parameter of type "unsigned char *"
main.c(112): warning:  #167-D: argument of type "char *" is incompatible with parameter of type "unsigned char *"
linking...
Program Size: Code=4130 RO-data=6526 RW-data=20 ZI-data=612  
"lab1.axf" - 0 Error(s), 4 Warning(s).
Load "C:\\Users\\VirtWin\\Documents\\ECE455\\lab1\\lab1.AXF" 
Internal DLL Error
Load "C:\\Users\\VirtWin\\Documents\\ECE455\\lab1\\lab1.AXF" 
Erase Done.
Programming Done.
Verify OK.
Build target 'LPC1768 Flash'
assembling startup_LPC17xx.s...
compiling GLCD_SPI_LPC1700.c...
compiling system_LPC17xx.c...
compiling main.c...
main.c(28): warning:  #167-D: argument of type "char *" is incompatible with parameter of type "unsigned char *"
main.c(44): warning:  #167-D: argument of type "char *" is incompatible with parameter of type "unsigned char *"
main.c(91): warning:  #167-D: argument of type "char *" is incompatible with parameter of type "unsigned char *"
main.c(106): warning:  #167-D: argument of type "char *" is incompatible with parameter of type "unsigned char *"
linking...
Program Size: Code=4114 RO-data=6526 RW-data=20 ZI-data=612  
"lab1.axf" - 0 Error(s), 4 Warning(s).
Load "C:\\Users\\VirtWin\\Documents\\ECE455\\lab1\\lab1.AXF" 
Internal DLL Error
Load "C:\\Users\\VirtWin\\Documents\\ECE455\\lab1\\lab1.AXF" 
Erase Done.
Programming Done.
Verify OK.
Build target 'LPC1768 Flash'
assembling startup_LPC17xx.s...
compiling GLCD_SPI_LPC1700.c...
compiling system_LPC17xx.c...
compiling main.c...
main.c(28): warning:  #167-D: argument of type "char *" is incompatible with parameter of type "unsigned char *"
main.c(44): warning:  #167-D: argument of type "char *" is incompatible with parameter of type "unsigned char *"
main.c(83): warning:  #167-D: argument of type "char *" is incompatible with parameter of type "unsigned char *"
main.c(97): warning:  #167-D: argument of type "char *" is incompatible with parameter of type "unsigned char *"
linking...
Program Size: Code=4118 RO-data=6526 RW-data=20 ZI-data=612  
"lab1.axf" - 0 Error(s), 4 Warning(s).
Build target 'LPC1768 Flash'
assembling startup_LPC17xx.s...
compiling GLCD_SPI_LPC1700.c...
compiling system_LPC17xx.c...
compiling main.c...
main.c(28): warning:  #167-D: argument of type "char *" is incompatible with parameter of type "unsigned char *"
main.c(44): warning:  #167-D: argument of type "char *" is incompatible with parameter of type "unsigned char *"
main.c(83): warning:  #167-D: argument of type "char *" is incompatible with parameter of type "unsigned char *"
main.c(97): warning:  #167-D: argument of type "char *" is incompatible with parameter of type "unsigned char *"
linking...
Program Size: Code=4118 RO-data=6526 RW-data=20 ZI-data=612  
"lab1.axf" - 0 Error(s), 4 Warning(s).
Load "C:\\Users\\VirtWin\\Documents\\ECE455\\lab1\\lab1.AXF" 
Internal DLL Error
Load "C:\\Users\\VirtWin\\Documents\\ECE455\\lab1\\lab1.AXF" 
Erase Done.
Programming Done.
Verify OK.
Load "C:\\Users\\VirtWin\\Documents\\ECE455\\lab1\\lab1.AXF" 
Internal DLL Error
Load "C:\\Users\\VirtWin\\Documents\\ECE455\\lab1\\lab1.AXF" 
Erase Done.
Programming Done.
Verify OK.
Build target 'LPC1768 Flash'
assembling startup_LPC17xx.s...
compiling GLCD_SPI_LPC1700.c...
compiling system_LPC17xx.c...
compiling main.c...
main.c(28): warning:  #167-D: argument of type "char *" is incompatible with parameter of type "unsigned char *"
main.c(44): warning:  #167-D: argument of type "char *" is incompatible with parameter of type "unsigned char *"
main.c(83): warning:  #167-D: argument of type "char *" is incompatible with parameter of type "unsigned char *"
main.c(97): warning:  #167-D: argument of type "char *" is incompatible with parameter of type "unsigned char *"
linking...
Program Size: Code=4114 RO-data=6526 RW-data=20 ZI-data=612  
"lab1.axf" - 0 Error(s), 4 Warning(s).
Load "C:\\Users\\VirtWin\\Documents\\ECE455\\lab1\\lab1.AXF" 
Internal DLL Error
Load "C:\\Users\\VirtWin\\Documents\\ECE455\\lab1\\lab1.AXF" 
Erase Done.
Programming Done.
Verify OK.
Build target 'LPC1768 Flash'
assembling startup_LPC17xx.s...
compiling GLCD_SPI_LPC1700.c...
compiling system_LPC17xx.c...
compiling main.c...
main.c(28): warning:  #167-D: argument of type "char *" is incompatible with parameter of type "unsigned char *"
main.c(44): warning:  #167-D: argument of type "char *" is incompatible with parameter of type "unsigned char *"
main.c(83): warning:  #167-D: argument of type "char *" is incompatible with parameter of type "unsigned char *"
main.c(97): warning:  #167-D: argument of type "char *" is incompatible with parameter of type "unsigned char *"
linking...
Program Size: Code=4114 RO-data=6526 RW-data=20 ZI-data=612  
"lab1.axf" - 0 Error(s), 4 Warning(s).
Load "C:\\Users\\VirtWin\\Documents\\ECE455\\lab1\\lab1.AXF" 
Internal DLL Error
Load "C:\\Users\\VirtWin\\Documents\\ECE455\\lab1\\lab1.AXF" 
Erase Done.
Programming Done.
Verify OK.
Build target 'LPC1768 Flash'
assembling startup_LPC17xx.s...
compiling GLCD_SPI_LPC1700.c...
compiling system_LPC17xx.c...
compiling main.c...
main.c(28): warning:  #167-D: argument of type "char *" is incompatible with parameter of type "unsigned char *"
main.c(44): warning:  #167-D: argument of type "char *" is incompatible with parameter of type "unsigned char *"
main.c(83): warning:  #167-D: argument of type "char *" is incompatible with parameter of type "unsigned char *"
main.c(97): warning:  #167-D: argument of type "char *" is incompatible with parameter of type "unsigned char *"
linking...
Program Size: Code=4114 RO-data=6526 RW-data=20 ZI-data=612  
"lab1.axf" - 0 Error(s), 4 Warning(s).
Load "C:\\Users\\VirtWin\\Documents\\ECE455\\lab1\\lab1.AXF" 
Internal DLL Error
Load "C:\\Users\\VirtWin\\Documents\\ECE455\\lab1\\lab1.AXF" 
Erase Done.
Programming Done.
Verify OK.
Build target 'LPC1768 Flash'
assembling startup_LPC17xx.s...
compiling GLCD_SPI_LPC1700.c...
compiling system_LPC17xx.c...
compiling main.c...
main.c(28): warning:  #167-D: argument of type "char *" is incompatible with parameter of type "unsigned char *"
main.c(44): warning:  #167-D: argument of type "char *" is incompatible with parameter of type "unsigned char *"
main.c(83): warning:  #167-D: argument of type "char *" is incompatible with parameter of type "unsigned char *"
main.c(97): warning:  #167-D: argument of type "char *" is incompatible with parameter of type "unsigned char *"
linking...
Program Size: Code=4114 RO-data=6526 RW-data=20 ZI-data=612  
"lab1.axf" - 0 Error(s), 4 Warning(s).
Build target 'LPC1768 Flash'
assembling startup_LPC17xx.s...
compiling GLCD_SPI_LPC1700.c...
compiling system_LPC17xx.c...
compiling main.c...
main.c(28): warning:  #167-D: argument of type "char *" is incompatible with parameter of type "unsigned char *"
main.c(44): warning:  #167-D: argument of type "char *" is incompatible with parameter of type "unsigned char *"
main.c(83): warning:  #167-D: argument of type "char *" is incompatible with parameter of type "unsigned char *"
main.c(97): warning:  #167-D: argument of type "char *" is incompatible with parameter of type "unsigned char *"
linking...
Program Size: Code=4118 RO-data=6526 RW-data=20 ZI-data=612  
"lab1.axf" - 0 Error(s), 4 Warning(s).
Load "C:\\Users\\VirtWin\\Documents\\ECE455\\lab1\\lab1.AXF" 
Internal DLL Error
Load "C:\\Users\\VirtWin\\Documents\\ECE455\\lab1\\lab1.AXF" 
Erase Done.
Programming Done.
Verify OK.
Build target 'LPC1768 Flash'
assembling startup_LPC17xx.s...
compiling GLCD_SPI_LPC1700.c...
compiling system_LPC17xx.c...
compiling main.c...
main.c(28): warning:  #167-D: argument of type "char *" is incompatible with parameter of type "unsigned char *"
main.c(44): warning:  #167-D: argument of type "char *" is incompatible with parameter of type "unsigned char *"
main.c(83): warning:  #167-D: argument of type "char *" is incompatible with parameter of type "unsigned char *"
main.c(97): warning:  #167-D: argument of type "char *" is incompatible with parameter of type "unsigned char *"
linking...
Program Size: Code=4118 RO-data=6526 RW-data=20 ZI-data=612  
"lab1.axf" - 0 Error(s), 4 Warning(s).
Load "C:\\Users\\VirtWin\\Documents\\ECE455\\lab1\\lab1.AXF" 
Internal DLL Error
Load "C:\\Users\\VirtWin\\Documents\\ECE455\\lab1\\lab1.AXF" 
Erase Done.
Programming Done.
Verify OK.
Build target 'LPC1768 Flash'
assembling startup_LPC17xx.s...
compiling GLCD_SPI_LPC1700.c...
compiling system_LPC17xx.c...
compiling main.c...
main.c(28): warning:  #167-D: argument of type "char *" is incompatible with parameter of type "unsigned char *"
main.c(44): warning:  #167-D: argument of type "char *" is incompatible with parameter of type "unsigned char *"
main.c(83): warning:  #167-D: argument of type "char *" is incompatible with parameter of type "unsigned char *"
main.c(97): warning:  #167-D: argument of type "char *" is incompatible with parameter of type "unsigned char *"
linking...
Program Size: Code=4118 RO-data=6526 RW-data=20 ZI-data=612  
"lab1.axf" - 0 Error(s), 4 Warning(s).
Load "C:\\Users\\VirtWin\\Documents\\ECE455\\lab1\\lab1.AXF" 
Internal DLL Error
Load "C:\\Users\\VirtWin\\Documents\\ECE455\\lab1\\lab1.AXF" 
Internal DLL Error
Load "C:\\Users\\VirtWin\\Documents\\ECE455\\lab1\\lab1.AXF" 
Erase Done.
Programming Done.
Verify OK.
Build target 'LPC1768 Flash'
assembling startup_LPC17xx.s...
compiling GLCD_SPI_LPC1700.c...
compiling system_LPC17xx.c...
compiling main.c...
main.c(28): warning:  #167-D: argument of type "char *" is incompatible with parameter of type "unsigned char *"
main.c(44): warning:  #167-D: argument of type "char *" is incompatible with parameter of type "unsigned char *"
main.c(83): warning:  #167-D: argument of type "char *" is incompatible with parameter of type "unsigned char *"
main.c(97): warning:  #167-D: argument of type "char *" is incompatible with parameter of type "unsigned char *"
linking...
Program Size: Code=4118 RO-data=6526 RW-data=20 ZI-data=612  
"lab1.axf" - 0 Error(s), 4 Warning(s).
Load "C:\\Users\\VirtWin\\Documents\\ECE455\\lab1\\lab1.AXF" 
Internal DLL Error
Load "C:\\Users\\VirtWin\\Documents\\ECE455\\lab1\\lab1.AXF" 
Erase Done.
Programming Done.
Verify OK.
Build target 'LPC1768 Flash'
assembling startup_LPC17xx.s...
compiling GLCD_SPI_LPC1700.c...
compiling system_LPC17xx.c...
compiling main.c...
main.c(28): warning:  #167-D: argument of type "char *" is incompatible with parameter of type "unsigned char *"
main.c(44): warning:  #167-D: argument of type "char *" is incompatible with parameter of type "unsigned char *"
main.c(83): warning:  #167-D: argument of type "char *" is incompatible with parameter of type "unsigned char *"
main.c(97): warning:  #167-D: argument of type "char *" is incompatible with parameter of type "unsigned char *"
linking...
Program Size: Code=4186 RO-data=6526 RW-data=20 ZI-data=612  
"lab1.axf" - 0 Error(s), 4 Warning(s).
Load "C:\\Users\\VirtWin\\Documents\\ECE455\\lab1\\lab1.AXF" 
Internal DLL Error
Load "C:\\Users\\VirtWin\\Documents\\ECE455\\lab1\\lab1.AXF" 
Erase Done.
Programming Done.
Verify OK.
Build target 'LPC1768 Flash'
assembling startup_LPC17xx.s...
compiling GLCD_SPI_LPC1700.c...
compiling system_LPC17xx.c...
compiling main.c...
main.c(28): warning:  #167-D: argument of type "char *" is incompatible with parameter of type "unsigned char *"
main.c(44): warning:  #167-D: argument of type "char *" is incompatible with parameter of type "unsigned char *"
main.c(83): warning:  #167-D: argument of type "char *" is incompatible with parameter of type "unsigned char *"
main.c(97): warning:  #167-D: argument of type "char *" is incompatible with parameter of type "unsigned char *"
linking...
Program Size: Code=4186 RO-data=6526 RW-data=20 ZI-data=612  
"lab1.axf" - 0 Error(s), 4 Warning(s).
Load "C:\\Users\\VirtWin\\Documents\\ECE455\\lab1\\lab1.AXF" 
Internal DLL Error
Load "C:\\Users\\VirtWin\\Documents\\ECE455\\lab1\\lab1.AXF" 
Erase Done.
Programming Done.
Verify OK.
Build target 'LPC1768 Flash'
assembling startup_LPC17xx.s...
compiling GLCD_SPI_LPC1700.c...
compiling system_LPC17xx.c...
compiling main.c...
main.c(28): warning:  #167-D: argument of type "char *" is incompatible with parameter of type "unsigned char *"
main.c(44): warning:  #167-D: argument of type "char *" is incompatible with parameter of type "unsigned char *"
main.c(83): warning:  #167-D: argument of type "char *" is incompatible with parameter of type "unsigned char *"
main.c(97): warning:  #167-D: argument of type "char *" is incompatible with parameter of type "unsigned char *"
linking...
Program Size: Code=4186 RO-data=6526 RW-data=20 ZI-data=612  
"lab1.axf" - 0 Error(s), 4 Warning(s).
Build target 'LPC1768 Flash'
assembling startup_LPC17xx.s...
compiling GLCD_SPI_LPC1700.c...
compiling system_LPC17xx.c...
compiling main.c...
main.c(28): warning:  #167-D: argument of type "char *" is incompatible with parameter of type "unsigned char *"
main.c(44): warning:  #167-D: argument of type "char *" is incompatible with parameter of type "unsigned char *"
main.c(81): warning:  #167-D: argument of type "char *" is incompatible with parameter of type "unsigned char *"
main.c(95): warning:  #167-D: argument of type "char *" is incompatible with parameter of type "unsigned char *"
linking...
Program Size: Code=4194 RO-data=6526 RW-data=20 ZI-data=612  
"lab1.axf" - 0 Error(s), 4 Warning(s).
Load "C:\\Users\\VirtWin\\Documents\\ECE455\\lab1\\lab1.AXF" 
Internal DLL Error
Load "C:\\Users\\VirtWin\\Documents\\ECE455\\lab1\\lab1.AXF" 
Erase Done.
Programming Done.
Verify OK.
Build target 'LPC1768 Flash'
assembling startup_LPC17xx.s...
compiling GLCD_SPI_LPC1700.c...
compiling system_LPC17xx.c...
compiling main.c...
main.c(28): warning:  #167-D: argument of type "char *" is incompatible with parameter of type "unsigned char *"
main.c(44): warning:  #167-D: argument of type "char *" is incompatible with parameter of type "unsigned char *"
main.c(81): warning:  #167-D: argument of type "char *" is incompatible with parameter of type "unsigned char *"
main.c(95): warning:  #167-D: argument of type "char *" is incompatible with parameter of type "unsigned char *"
linking...
Program Size: Code=4198 RO-data=6526 RW-data=20 ZI-data=612  
"lab1.axf" - 0 Error(s), 4 Warning(s).
Load "C:\\Users\\VirtWin\\Documents\\ECE455\\lab1\\lab1.AXF" 
Internal DLL Error
Load "C:\\Users\\VirtWin\\Documents\\ECE455\\lab1\\lab1.AXF" 
Erase Done.
Programming Done.
Verify OK.
Build target 'LPC1768 Flash'
assembling startup_LPC17xx.s...
compiling GLCD_SPI_LPC1700.c...
compiling system_LPC17xx.c...
compiling main.c...
main.c(28): warning:  #167-D: argument of type "char *" is incompatible with parameter of type "unsigned char *"
main.c(44): warning:  #167-D: argument of type "char *" is incompatible with parameter of type "unsigned char *"
main.c(73): warning:  #167-D: argument of type "char *" is incompatible with parameter of type "unsigned char *"
main.c(87): warning:  #167-D: argument of type "char *" is incompatible with parameter of type "unsigned char *"
linking...
Program Size: Code=4166 RO-data=6526 RW-data=20 ZI-data=612  
"lab1.axf" - 0 Error(s), 4 Warning(s).
Build target 'LPC1768 Flash'
assembling startup_LPC17xx.s...
compiling GLCD_SPI_LPC1700.c...
compiling system_LPC17xx.c...
compiling main.c...
main.c(28): warning:  #167-D: argument of type "char *" is incompatible with parameter of type "unsigned char *"
main.c(44): warning:  #167-D: argument of type "char *" is incompatible with parameter of type "unsigned char *"
main.c(73): warning:  #167-D: argument of type "char *" is incompatible with parameter of type "unsigned char *"
main.c(87): warning:  #167-D: argument of type "char *" is incompatible with parameter of type "unsigned char *"
linking...
Program Size: Code=4166 RO-data=6526 RW-data=20 ZI-data=612  
"lab1.axf" - 0 Error(s), 4 Warning(s).
Load "C:\\Users\\VirtWin\\Documents\\ECE455\\lab1\\lab1.AXF" 
Internal DLL Error
Load "C:\\Users\\VirtWin\\Documents\\ECE455\\lab1\\lab1.AXF" 
Erase Done.
Programming Done.
Verify OK.
