<html>
<body>
<pre>
<h1>µVision Build Log</h1>
<h2>Project:</h2>
C:\Users\VirtWin\Documents\ECE455\lab1\lab1.uvproj
Project File Date:  05/07/2016

<h2>Output:</h2>
Build target 'LPC1768 Flash'
assembling startup_LPC17xx.s...
compiling GLCD_SPI_LPC1700.c...
compiling system_LPC17xx.c...
compiling main.c...
linking...
Program Size: Code=2972 RO-data=6644 RW-data=12 ZI-data=612  
"lab1.axf" - 0 Error(s), 0 Warning(s).
Build target 'LPC1768 Flash'
compiling main.c...
main.c(17): error:  #254: type name is not allowed
main.c(17): error:  #65: expected a ";"
main.c(17): error:  #20: identifier "a" is undefined
main.c(18): error:  #254: type name is not allowed
main.c(18): error:  #65: expected a ";"
main.c(18): error:  #20: identifier "b" is undefined
Target not created
Build target 'LPC1768 Flash'
compiling main.c...
main.c(17): error:  #29: expected an expression
main.c(17): error:  #20: identifier "a" is undefined
main.c(18): error:  #29: expected an expression
main.c(18): error:  #20: identifier "b" is undefined
Target not created
Build target 'LPC1768 Flash'
compiling main.c...
main.c(17): error:  #29: expected an expression
main.c(17): error:  #20: identifier "a" is undefined
main.c(17): error:  #18: expected a ")"
main.c(18): error:  #29: expected an expression
main.c(18): error:  #20: identifier "b" is undefined
main.c(18): error:  #18: expected a ")"
Target not created
Build target 'LPC1768 Flash'
compiling main.c...
main.c(17): error:  #29: expected an expression
main.c(17): error:  #20: identifier "a" is undefined
main.c(18): error:  #29: expected an expression
main.c(18): error:  #20: identifier "b" is undefined
Target not created
Build target 'LPC1768 Flash'
compiling main.c...
linking...
Program Size: Code=2992 RO-data=6624 RW-data=12 ZI-data=612  
"lab1.axf" - 0 Error(s), 0 Warning(s).
Build target 'LPC1768 Flash'
assembling startup_LPC17xx.s...
compiling GLCD_SPI_LPC1700.c...
compiling system_LPC17xx.c...
compiling main.c...
linking...
Program Size: Code=2992 RO-data=6624 RW-data=12 ZI-data=612  
"lab1.axf" - 0 Error(s), 0 Warning(s).
Build target 'LPC1768 Flash'
assembling startup_LPC17xx.s...
compiling GLCD_SPI_LPC1700.c...
compiling system_LPC17xx.c...
compiling main.c...
linking...
Program Size: Code=2992 RO-data=6624 RW-data=12 ZI-data=612  
"lab1.axf" - 0 Error(s), 0 Warning(s).
Build target 'LPC1768 Flash'
assembling startup_LPC17xx.s...
compiling GLCD_SPI_LPC1700.c...
compiling system_LPC17xx.c...
compiling main.c...
main.c(35): warning:  #223-D: function "sprintf" declared implicitly
main.c(35): error:  #167: argument of type "int" is incompatible with parameter of type "unsigned char *"
main.c(38): warning:  #223-D: function "delay" declared implicitly
main.c(47): error:  #167: argument of type "int" is incompatible with parameter of type "unsigned char *"
main.c(49): warning:  #1-D: last line of file ends without a newline
main.c(29): warning:  #177-D: variable "totalSeconds" was declared but never referenced
Target not created
Build target 'LPC1768 Flash'
assembling startup_LPC17xx.s...
compiling GLCD_SPI_LPC1700.c...
compiling system_LPC17xx.c...
compiling main.c...
main.c(36): warning:  #223-D: function "sprintf" declared implicitly
main.c(38): error:  #65: expected a ";"
main.c(39): warning:  #167-D: argument of type "char *" is incompatible with parameter of type "unsigned char *"
main.c(42): warning:  #223-D: function "delay" declared implicitly
main.c(52): error:  #65: expected a ";"
main.c(53): warning:  #167-D: argument of type "char *" is incompatible with parameter of type "unsigned char *"
main.c(55): warning:  #1-D: last line of file ends without a newline
main.c(29): warning:  #177-D: variable "totalSeconds" was declared but never referenced
Target not created
Build target 'LPC1768 Flash'
assembling startup_LPC17xx.s...
compiling GLCD_SPI_LPC1700.c...
compiling system_LPC17xx.c...
compiling main.c...
main.c(36): warning:  #223-D: function "sprintf" declared implicitly
main.c(39): warning:  #167-D: argument of type "char *" is incompatible with parameter of type "unsigned char *"
main.c(42): warning:  #223-D: function "delay" declared implicitly
main.c(53): warning:  #167-D: argument of type "char *" is incompatible with parameter of type "unsigned char *"
main.c(55): warning:  #1-D: last line of file ends without a newline
main.c(29): warning:  #177-D: variable "totalSeconds" was declared but never referenced
linking...
lab1.axf: Error: L6218E: Undefined symbol delay (referred from main.o).
Target not created
Build target 'LPC1768 Flash'
assembling startup_LPC17xx.s...
compiling GLCD_SPI_LPC1700.c...
compiling system_LPC17xx.c...
compiling main.c...
main.c(34): warning:  #223-D: function "sprintf" declared implicitly
main.c(37): warning:  #167-D: argument of type "char *" is incompatible with parameter of type "unsigned char *"
main.c(40): warning:  #223-D: function "delay" declared implicitly
main.c(51): warning:  #167-D: argument of type "char *" is incompatible with parameter of type "unsigned char *"
main.c(53): warning:  #1-D: last line of file ends without a newline
linking...
lab1.axf: Error: L6218E: Undefined symbol delay (referred from main.o).
Target not created
Build target 'LPC1768 Flash'
assembling startup_LPC17xx.s...
compiling GLCD_SPI_LPC1700.c...
compiling system_LPC17xx.c...
compiling main.c...
main.c(34): warning:  #223-D: function "sprintf" declared implicitly
main.c(37): warning:  #167-D: argument of type "char *" is incompatible with parameter of type "unsigned char *"
main.c(40): warning:  #223-D: function "delay" declared implicitly
main.c(51): warning:  #167-D: argument of type "char *" is incompatible with parameter of type "unsigned char *"
main.c(53): warning:  #1-D: last line of file ends without a newline
linking...
lab1.axf: Error: L6218E: Undefined symbol delay (referred from main.o).
Target not created
Build target 'LPC1768 Flash'
assembling startup_LPC17xx.s...
compiling GLCD_SPI_LPC1700.c...
compiling system_LPC17xx.c...
compiling main.c...
main.c(34): warning:  #223-D: function "sprintf" declared implicitly
main.c(37): warning:  #167-D: argument of type "char *" is incompatible with parameter of type "unsigned char *"
main.c(40): warning:  #223-D: function "delay" declared implicitly
main.c(51): warning:  #167-D: argument of type "char *" is incompatible with parameter of type "unsigned char *"
linking...
lab1.axf: Error: L6218E: Undefined symbol delay (referred from main.o).
Target not created
Build target 'LPC1768 Flash'
assembling startup_LPC17xx.s...
compiling GLCD_SPI_LPC1700.c...
compiling system_LPC17xx.c...
compiling main.c...
main.c(38): warning:  #167-D: argument of type "char *" is incompatible with parameter of type "unsigned char *"
main.c(41): warning:  #223-D: function "delay" declared implicitly
main.c(52): warning:  #167-D: argument of type "char *" is incompatible with parameter of type "unsigned char *"
linking...
lab1.axf: Error: L6218E: Undefined symbol delay (referred from main.o).
Target not created
Build target 'LPC1768 Flash'
assembling startup_LPC17xx.s...
compiling GLCD_SPI_LPC1700.c...
compiling system_LPC17xx.c...
compiling main.c...
main.c(39): warning:  #167-D: argument of type "char *" is incompatible with parameter of type "unsigned char *"
main.c(42): warning:  #223-D: function "delay" declared implicitly
main.c(53): warning:  #167-D: argument of type "char *" is incompatible with parameter of type "unsigned char *"
linking...
lab1.axf: Error: L6218E: Undefined symbol delay (referred from main.o).
Target not created
Build target 'LPC1768 Flash'
assembling startup_LPC17xx.s...
compiling GLCD_SPI_LPC1700.c...
compiling system_LPC17xx.c...
compiling main.c...
main.c(38): warning:  #167-D: argument of type "char *" is incompatible with parameter of type "unsigned char *"
main.c(41): warning:  #223-D: function "sleep" declared implicitly
main.c(52): warning:  #167-D: argument of type "char *" is incompatible with parameter of type "unsigned char *"
linking...
lab1.axf: Error: L6218E: Undefined symbol sleep (referred from main.o).
Target not created
Build target 'LPC1768 Flash'
assembling startup_LPC17xx.s...
compiling GLCD_SPI_LPC1700.c...
compiling system_LPC17xx.c...
compiling main.c...
main.c(38): warning:  #167-D: argument of type "char *" is incompatible with parameter of type "unsigned char *"
main.c(51): warning:  #167-D: argument of type "char *" is incompatible with parameter of type "unsigned char *"
linking...
Program Size: Code=3920 RO-data=6528 RW-data=12 ZI-data=612  
"lab1.axf" - 0 Error(s), 2 Warning(s).
Build target 'LPC1768 Flash'
assembling startup_LPC17xx.s...
compiling GLCD_SPI_LPC1700.c...
compiling system_LPC17xx.c...
compiling main.c...
main.c(35): warning:  #167-D: argument of type "unsigned char *" is incompatible with parameter of type "char *restrict"
main.c(48): warning:  #167-D: argument of type "unsigned char *" is incompatible with parameter of type "char *restrict"
linking...
Program Size: Code=3920 RO-data=6528 RW-data=12 ZI-data=612  
"lab1.axf" - 0 Error(s), 2 Warning(s).
Build target 'LPC1768 Flash'
assembling startup_LPC17xx.s...
compiling GLCD_SPI_LPC1700.c...
compiling system_LPC17xx.c...
compiling main.c...
main.c(38): warning:  #167-D: argument of type "char *" is incompatible with parameter of type "unsigned char *"
main.c(51): warning:  #167-D: argument of type "char *" is incompatible with parameter of type "unsigned char *"
linking...
Program Size: Code=3920 RO-data=6528 RW-data=12 ZI-data=612  
"lab1.axf" - 0 Error(s), 2 Warning(s).
Build target 'LPC1768 Flash'
assembling startup_LPC17xx.s...
compiling GLCD_SPI_LPC1700.c...
compiling system_LPC17xx.c...
compiling main.c...
main.c(35): error:  #167: argument of type "char **" is incompatible with parameter of type "char *restrict"
main.c(38): error:  #167: argument of type "char **" is incompatible with parameter of type "unsigned char *"
main.c(48): error:  #167: argument of type "char **" is incompatible with parameter of type "char *restrict"
main.c(51): error:  #167: argument of type "char **" is incompatible with parameter of type "unsigned char *"
Target not created
Build target 'LPC1768 Flash'
assembling startup_LPC17xx.s...
compiling GLCD_SPI_LPC1700.c...
compiling system_LPC17xx.c...
compiling main.c...
main.c(38): warning:  #167-D: argument of type "char *" is incompatible with parameter of type "unsigned char *"
main.c(51): warning:  #167-D: argument of type "char *" is incompatible with parameter of type "unsigned char *"
linking...
Program Size: Code=3920 RO-data=6528 RW-data=12 ZI-data=612  
"lab1.axf" - 0 Error(s), 2 Warning(s).
Build target 'LPC1768 Flash'
assembling startup_LPC17xx.s...
compiling GLCD_SPI_LPC1700.c...
compiling system_LPC17xx.c...
compiling main.c...
main.c(38): warning:  #167-D: argument of type "char *" is incompatible with parameter of type "unsigned char *"
main.c(51): warning:  #167-D: argument of type "char *" is incompatible with parameter of type "unsigned char *"
linking...
Program Size: Code=3920 RO-data=6528 RW-data=12 ZI-data=612  
"lab1.axf" - 0 Error(s), 2 Warning(s).
Build target 'LPC1768 Flash'
assembling startup_LPC17xx.s...
compiling GLCD_SPI_LPC1700.c...
compiling system_LPC17xx.c...
compiling main.c...
main.c(38): warning:  #167-D: argument of type "char *" is incompatible with parameter of type "unsigned char *"
main.c(51): warning:  #167-D: argument of type "char *" is incompatible with parameter of type "unsigned char *"
linking...
Program Size: Code=3920 RO-data=6528 RW-data=12 ZI-data=612  
"lab1.axf" - 0 Error(s), 2 Warning(s).
Build target 'LPC1768 Flash'
compiling main.c...
main.c(38): warning:  #167-D: argument of type "char *" is incompatible with parameter of type "unsigned char *"
main.c(51): warning:  #167-D: argument of type "char *" is incompatible with parameter of type "unsigned char *"
linking...
Program Size: Code=3920 RO-data=6528 RW-data=12 ZI-data=612  
"lab1.axf" - 0 Error(s), 2 Warning(s).
Build target 'LPC1768 Flash'
assembling startup_LPC17xx.s...
compiling GLCD_SPI_LPC1700.c...
compiling system_LPC17xx.c...
compiling main.c...
main.c(38): warning:  #167-D: argument of type "char *" is incompatible with parameter of type "unsigned char *"
main.c(51): warning:  #167-D: argument of type "char *" is incompatible with parameter of type "unsigned char *"
linking...
Program Size: Code=3920 RO-data=6528 RW-data=12 ZI-data=612  
"lab1.axf" - 0 Error(s), 2 Warning(s).
Build target 'LPC1768 Flash'
assembling startup_LPC17xx.s...
compiling GLCD_SPI_LPC1700.c...
compiling system_LPC17xx.c...
compiling main.c...
main.c(38): warning:  #167-D: argument of type "char *" is incompatible with parameter of type "unsigned char *"
main.c(51): warning:  #167-D: argument of type "char *" is incompatible with parameter of type "unsigned char *"
linking...
Program Size: Code=3920 RO-data=6528 RW-data=12 ZI-data=612  
"lab1.axf" - 0 Error(s), 2 Warning(s).
